@name greenThree
@height 12
@width 60
@background GREEN_WALL
@spawn 10,15
@next yellowFour
@line You're even closer!|Please hurry!
@start
0,0 GREEN_BRICK
0,1 GREEN_BRICK
0,2 GREEN_BRICK
0,3 GREEN_BRICK
0,4 GREEN_BRICK
0,5 GREEN_BRICK
0,6 GREEN_BRICK
0,7 GREEN_BRICK
0,8 GREEN_BRICK
0,9 GREEN_BRICK
0,10 GREEN_BRICK
0,11 GREEN_BRICK

1,0 GREEN_BRICK

2,0 GREEN_BRICK

3,0 GREEN_BRICK
3,3 TORCH
3,9 TORCH

4,0 GREEN_BRICK

5,0 GREEN_BRICK

6,0 GREEN_BRICK
6,4 GREEN_BRICK
6,5 GREEN_BRICK
6,6 GREEN_BRICK
6,7 GREEN_BRICK
6,8 GREEN_BRICK
6,9 GREEN_BRICK
6,10 GREEN_BRICK
6,11 GREEN_BRICK

7,0 GREEN_BRICK
7,6 GREEN_BRICK
7,11 GREEN_BRICK

8,0 GREEN_BRICK
8,1 GREEN_BRICK
8,2 GREEN_BRICK
8,3 GREEN_BRICK
8,6 TORCH
8,11 GREEN_BRICK

9,0 GREEN_BRICK
9,1 GREEN_BRICK
9,2 GREEN_BRICK
9,3 GREEN_BRICK
9,4 GREEN_BRICK
9,5 GREEN_BRICK
9,6 GREEN_BRICK
9,7 GREEN_BRICK
9,8 GREEN_BRICK ENEMY
9,11 GREEN_BRICK

10,0 GREEN_BRICK
10,1 GREEN_BRICK
10,2 GREEN_BRICK
10,3 GREEN_BRICK
10,6 TORCH
10,11 GREEN_BRICK

11,0 GREEN_BRICK
11,6 GREEN_BRICK
11,11 GREEN_BRICK

12,0 GREEN_BRICK
12,4 GREEN_BRICK
12,5 GREEN_BRICK
12,6 GREEN_BRICK
12,7 GREEN_BRICK
12,8 GREEN_BRICK
12,11 GREEN_BRICK

13,0 GREEN_BRICK
13,8 GREEN_BRICK
13,11 GREEN_BRICK

14,0 GREEN_BRICK
14,7 GREEN_BRICK
14,11 GREEN_BRICK

15,0 GREEN_BRICK
15,3 GREEN_BRICK ENEMY
15,8 GREEN_BRICK
15,11 GREEN_BRICK

16,0 GREEN_BRICK
16,3 GREEN_BRICK
16,7 GREEN_BRICK
16,11 GREEN_BRICK

17,0 GREEN_BRICK
17,3 TORCH
17,6 GREEN_BRICK
17,8 GREEN_BRICK
17,11 GREEN_BRICK

18,0 GREEN_BRICK
18,6 GREEN_BRICK
18,7 GREEN_BRICK
18,11 GREEN_BRICK

19,0 GREEN_BRICK
19,3 GREEN_BRICK ENEMY
19,8 GREEN_BRICK ENEMY
19,11 GREEN_BRICK

20,0 GREEN_BRICK
20,3 GREEN_BRICK
20,7 GREEN_BRICK
20,11 GREEN_BRICK

21,0 GREEN_BRICK
21,3 TORCH
21,6 GREEN_BRICK
21,8 GREEN_BRICK ENEMY
21,11 GREEN_BRICK

22,0 GREEN_BRICK
22,6 GREEN_BRICK
22,7 GREEN_BRICK
22,11 GREEN_BRICK

23,0 GREEN_BRICK
23,3 GREEN_BRICK ENEMY
23,8 GREEN_BRICK ENEMY
23,11 GREEN_BRICK

24,0 GREEN_BRICK
24,3 GREEN_BRICK
24,7 GREEN_BRICK
24,11 GREEN_BRICK

25,0 GREEN_BRICK
25,3 TORCH
25,8 GREEN_BRICK ENEMY
25,11 GREEN_BRICK

26,0 GREEN_BRICK
26,7 GREEN_BRICK
26,11 GREEN_BRICK

27,0 GREEN_BRICK
27,8 GREEN_BRICK ENEMY
27,11 GREEN_BRICK

28,0 GREEN_BRICK
28,7 GREEN_BRICK
28,11 GREEN_BRICK

29,0 GREEN_BRICK
29,8 GREEN_BRICK ENEMY
29,11 GREEN_BRICK

30,0 GREEN_BRICK
30,3 GREEN_BRICK
30,9 GREEN_BRICK
30,11 GREEN_BRICK

31,0 GREEN_BRICK
31,3 GREEN_BRICK
31,4 GREEN_BRICK
31,5 GREEN_BRICK
31,10 GREEN_BRICK
31,11 GREEN_BRICK

32,0 GREEN_BRICK
32,3 GREEN_BRICK ENEMY
32,6 GREEN_BRICK
32,11 GREEN_BRICK

33,0 GREEN_BRICK
33,6 TORCH
33,7 GREEN_BRICK ENEMY
33,11 GREEN_BRICK

34,0 GREEN_BRICK
34,7 GREEN_BRICK ENEMY
34,11 GREEN_BRICK

35,0 GREEN_BRICK
35,3 GREEN_BRICK ENEMY
35,6 GREEN_BRICK
35,11 GREEN_BRICK

36,0 GREEN_BRICK
36,3 GREEN_BRICK
36,4 GREEN_BRICK
36,5 GREEN_BRICK
36,11 GREEN_BRICK

37,0 GREEN_BRICK
37,3 GREEN_BRICK
37,8 GREEN_BRICK
37,11 GREEN_BRICK

38,0 GREEN_BRICK
38,8 GREEN_BRICK ENEMY
38,11 GREEN_BRICK

39,0 GREEN_BRICK
39,3 GREEN_BRICK
39,8 GREEN_BRICK
39,11 GREEN_BRICK

40,0 GREEN_BRICK
40,3 GREEN_BRICK
40,4 GREEN_BRICK
40,5 GREEN_BRICK
40,11 GREEN_BRICK

41,0 GREEN_BRICK
41,3 GREEN_BRICK ENEMY
41,6 GREEN_BRICK
41,11 GREEN_BRICK

42,0 GREEN_BRICK
42,7 GREEN_BRICK ENEMY
42,11 GREEN_BRICK

43,0 GREEN_BRICK
43,6 TORCH
43,7 GREEN_BRICK ENEMY
43,11 GREEN_BRICK

44,0 GREEN_BRICK
44,3 GREEN_BRICK ENEMY
44,6 GREEN_BRICK
44,11 GREEN_BRICK

45,0 GREEN_BRICK
45,3 GREEN_BRICK
45,4 GREEN_BRICK
45,5 GREEN_BRICK
45,11 GREEN_BRICK

46,0 GREEN_BRICK
46,3 GREEN_BRICK
46,8 GREEN_BRICK
46,11 GREEN_BRICK

47,0 GREEN_BRICK
47,8 GREEN_BRICK ENEMY
47,11 GREEN_BRICK

48,0 GREEN_BRICK
48,3 GREEN_BRICK
48,8 GREEN_BRICK
48,11 GREEN_BRICK

49,0 GREEN_BRICK
49,3 GREEN_BRICK
49,4 GREEN_BRICK
49,5 GREEN_BRICK
49,11 GREEN_BRICK

50,0 GREEN_BRICK
50,3 GREEN_BRICK ENEMY
50,6 GREEN_BRICK
50,11 GREEN_BRICK

51,0 GREEN_BRICK
51,6 TORCH
51,7 GREEN_BRICK
51,11 GREEN_BRICK

52,0 GREEN_BRICK
52,7 GREEN_BRICK ENEMY
52,11 GREEN_BRICK

53,0 YELLOW_BRICK
53,1 GREEN_BRICK
53,2 GREEN_BRICK
53,3 GREEN_BRICK
53,4 GREEN_BRICK
53,5 GREEN_BRICK
53,6 GREEN_BRICK
53,7 GREEN_BRICK
53,8 GREEN_BRICK
53,11 GREEN_BRICK

54,0 YELLOW_WALL
54,8 BARRICADE
54,11 GREEN_BRICK

55,0 YELLOW_WALL
55,8 BARRICADE
55,11 GREEN_BRICK

56,0 YELLOW_WALL
56,8 BARRICADE
56,11 GREEN_BRICK

57,0 YELLOW_WALL
57,8 BARRICADE
57,11 GREEN_BRICK

58,0 YELLOW_WALL
58,8 BARRICADE
58,11 GREEN_BRICK

59,0 YELLOW_BRICK
59,1 GREEN_BRICK
59,2 GREEN_BRICK
59,3 GREEN_BRICK
59,4 GREEN_BRICK
59,5 GREEN_BRICK
59,6 GREEN_BRICK
59,7 GREEN_BRICK
59,8 GREEN_BRICK
59,9 GREEN_BRICK
59,10 GREEN_BRICK
59,11 GREEN_BRICK
@end