@name orangeFive
@height 12
@width 60
@background ORANGE_WALL
@spawn 10,15
@line I can see your handsome face!
@next redIntro
@start
0,0 ORANGE_BRICK
0,1 ORANGE_BRICK
0,2 ORANGE_BRICK
0,3 ORANGE_BRICK
0,4 ORANGE_BRICK
0,5 ORANGE_BRICK
0,6 ORANGE_BRICK
0,7 ORANGE_BRICK
0,8 ORANGE_BRICK
0,9 ORANGE_BRICK
0,10 ORANGE_BRICK
0,11 ORANGE_BRICK

1,0 ORANGE_BRICK

2,0 ORANGE_BRICK

3,0 ORANGE_BRICK
3,2 TORCH
3,9 TORCH

4,0 ORANGE_BRICK

5,0 ORANGE_BRICK

6,0 ORANGE_BRICK
6,4 ORANGE_BRICK
6,5 ORANGE_BRICK
6,6 ORANGE_BRICK
6,7 ORANGE_BRICK
6,8 ORANGE_BRICK
6,9 ORANGE_BRICK
6,10 ORANGE_BRICK
6,11 ORANGE_BRICK

7,0 ORANGE_BRICK
7,11 ORANGE_BRICK

8,0 ORANGE_BRICK
8,11 ORANGE_BRICK

9,0 ORANGE_BRICK
9,1 ORANGE_BRICK
9,2 ORANGE_BRICK
9,3 ORANGE_BRICK ENEMY
9,9 ORANGE_BRICK
9,10 ORANGE_BRICK
9,11 ORANGE_BRICK

10,0 ORANGE_BRICK
10,3 ORANGE_BRICK
10,9 ORANGE_BRICK
10,11 ORANGE_BRICK

11,0 ORANGE_BRICK
11,1 ORANGE_BRICK
11,2 ORANGE_BRICK ENEMY
11,11 ORANGE_BRICK

12,0 ORANGE_BRICK
12,1 TORCH
12,11 ORANGE_BRICK

13,0 ORANGE_BRICK
13,1 ORANGE_BRICK
13,2 ORANGE_BRICK
13,3 ORANGE_BRICK ENEMY
13,9 ORANGE_BRICK
13,10 ORANGE_BRICK
13,11 ORANGE_BRICK

14,0 ORANGE_BRICK
14,1 ORANGE_BRICK
14,3 ORANGE_BRICK
14,11 ORANGE_BRICK

15,0 ORANGE_BRICK
15,2 ORANGE_BRICK
15,3 ORANGE_BRICK ENEMY
15,9 ORANGE_BRICK
15,10 ORANGE_BRICK
15,11 ORANGE_BRICK

16,0 ORANGE_BRICK
16,1 TORCH
16,11 ORANGE_BRICK

17,0 ORANGE_BRICK
17,1 ORANGE_BRICK
17,2 ORANGE_BRICK
17,3 ORANGE_BRICK ENEMY
17,9 ORANGE_BRICK
17,10 ORANGE_BRICK
17,11 ORANGE_BRICK

18,0 ORANGE_BRICK
18,3 ORANGE_BRICK
18,9 ORANGE_BRICK
18,11 ORANGE_BRICK

19,0 ORANGE_BRICK
19,1 ORANGE_BRICK
19,2 ORANGE_BRICK
19,3 ORANGE_BRICK ENEMY
19,9 ORANGE_BRICK
19,10 ORANGE_BRICK
19,11 ORANGE_BRICK

20,0 ORANGE_BRICK
20,1 TORCH
20,11 ORANGE_BRICK

21,0 ORANGE_BRICK
21,1 ORANGE_BRICK
21,2 ORANGE_BRICK
21,3 ORANGE_BRICK ENEMY
21,9 ORANGE_BRICK
21,10 ORANGE_BRICK
21,11 ORANGE_BRICK

22,0 ORANGE_BRICK
22,1 ORANGE_BRICK
22,3 ORANGE_BRICK
22,11 ORANGE_BRICK

23,0 ORANGE_BRICK
23,1 ORANGE_BRICK
23,2 ORANGE_BRICK
23,3 ORANGE_BRICK ENEMY
23,11 ORANGE_BRICK

24,0 ORANGE_BRICK ENEMY
24,11 ORANGE_BRICK

25,0 ORANGE_BRICK
25,1 TORCH
25,11 ORANGE_BRICK

26,0 ORANGE_BRICK
26,1 ORANGE_BRICK
26,2 ORANGE_BRICK
26,3 ORANGE_BRICK ENEMY
26,9 ORANGE_BRICK
26,10 ORANGE_BRICK
26,11 ORANGE_BRICK

27,0 ORANGE_BRICK
27,3 ORANGE_BRICK
27,9 ORANGE_BRICK
27,11 ORANGE_BRICK

28,0 ORANGE_BRICK
28,1 ORANGE_BRICK
28,2 ORANGE_BRICK ENEMY
28,10 ORANGE_BRICK
28,11 ORANGE_BRICK

29,0 ORANGE_BRICK
29,1 TORCH
29,11 ORANGE_BRICK

30,0 ORANGE_BRICK
30,1 ORANGE_BRICK
30,2 ORANGE_BRICK
30,3 ORANGE_BRICK ENEMY
30,9 ORANGE_BRICK
30,10 ORANGE_BRICK
30,11 ORANGE_BRICK

31,0 ORANGE_BRICK
31,3 ORANGE_BRICK
31,9 ORANGE_BRICK
31,11 ORANGE_BRICK

32,0 ORANGE_BRICK
32,1 ORANGE_BRICK
32,2 ORANGE_BRICK
32,3 ORANGE_BRICK ENEMY
32,9 ORANGE_BRICK
32,10 ORANGE_BRICK
32,11 ORANGE_BRICK

33,0 ORANGE_BRICK
33,1 TORCH
33,11 ORANGE_BRICK

34,0 ORANGE_BRICK
34,1 ORANGE_BRICK
34,2 ORANGE_BRICK
34,3 ORANGE_BRICK ENEMY
34,9 ORANGE_BRICK
34,10 ORANGE_BRICK
34,11 ORANGE_BRICK

35,0 ORANGE_BRICK ENEMY
35,10 ORANGE_BRICK
35,11 ORANGE_BRICK

36,0 ORANGE_BRICK
36,1 ORANGE_BRICK ENEMY
36,11 ORANGE_BRICK

37,0 ORANGE_BRICK ENEMY
37,10 ORANGE_BRICK
37,11 ORANGE_BRICK

38,0 ORANGE_BRICK
38,1 ORANGE_BRICK
38,2 ORANGE_BRICK
38,3 ORANGE_BRICK ENEMY
38,9 ORANGE_BRICK
38,10 ORANGE_BRICK
38,11 ORANGE_BRICK

39,0 ORANGE_BRICK
39,1 TORCH
39,11 ORANGE_BRICK

40,0 ORANGE_BRICK
40,1 ORANGE_BRICK
40,2 ORANGE_BRICK
40,3 ORANGE_BRICK ENEMY
40,9 ORANGE_BRICK
40,10 ORANGE_BRICK
40,11 ORANGE_BRICK

41,0 ORANGE_BRICK
41,2 ORANGE_BRICK
41,11 ORANGE_BRICK

42,0 ORANGE_BRICK
42,1 ORANGE_BRICK ENEMY
42,11 ORANGE_BRICK

43,0 ORANGE_BRICK
43,1 TORCH
43,10 ORANGE_BRICK
43,11 ORANGE_BRICK

44,0 ORANGE_BRICK
44,1 ORANGE_BRICK
44,2 ORANGE_BRICK
44,3 ORANGE_BRICK ENEMY
44,9 ORANGE_BRICK
44,10 ORANGE_BRICK
44,11 ORANGE_BRICK

45,0 ORANGE_BRICK
45,1 BARRICADE
45,2 BARRICADE
45,3 BARRICADE
45,4 BARRICADE
45,5 BARRICADE
45,6 BARRICADE
45,7 BARRICADE
45,8 BARRICADE
45,9 BARRICADE
45,10 BARRICADE
45,11 ORANGE_BRICK

46,0 ORANGE_BRICK
46,11 ORANGE_BRICK

47,0 ORANGE_BRICK
47,11 ORANGE_BRICK

48,0 ORANGE_BRICK
48,11 ORANGE_BRICK

49,0 ORANGE_BRICK ASHLEY ASHLEY_LEFT
49,2 TORCH
49,11 ORANGE_BRICK

50,0 ORANGE_BRICK
50,11 ORANGE_BRICK

51,0 ORANGE_BRICK
51,11 ORANGE_BRICK

52,0 ORANGE_BRICK
52,11 ORANGE_BRICK

53,0 RED_BRICK
53,1 ORANGE_BRICK
53,11 ORANGE_BRICK

54,0 RED_WALL
54,1 BARRICADE
54,11 ORANGE_BRICK

55,0 RED_WALL
55,1 BARRICADE
55,11 ORANGE_BRICK

56,0 RED_WALL
56,1 BARRICADE
56,11 ORANGE_BRICK

57,0 RED_WALL
57,1 BARRICADE
57,11 ORANGE_BRICK

58,0 RED_WALL
58,1 BARRICADE
58,11 ORANGE_BRICK

59,0 RED_BRICK
59,1 ORANGE_BRICK
59,2 ORANGE_BRICK
59,3 ORANGE_BRICK
59,4 ORANGE_BRICK
59,5 ORANGE_BRICK
59,6 ORANGE_BRICK
59,7 ORANGE_BRICK
59,8 ORANGE_BRICK
59,9 ORANGE_BRICK
59,10 ORANGE_BRICK
59,11 ORANGE_BRICK
@end