@name purpleOne
@height 12
@width 60
@background PURPLE_WALL
@spawn 10,15
@next blueTwo
@line OH NO! The dungeon is infested with Boarmen!
@line Boarmen damage your weapons, don't let them break!|Make sure to keep your distance...|I don't want you to get hurt!
@line If a weapon breaks.. It's lost forever! |You only have one of each!
@line If they all break... |I don't even want to think about what would happen.|Just stay safe... Okay?
@line Aim and click to attack the boarmen with a weapon.
@line Scroll the mouse to change weapons.
@line You have a torch to light your path, but it's fragile.
@line Boarmen also block holes... |You'll need to kill them all to continue.
@start
0,0 PURPLE_BRICK
0,1 PURPLE_BRICK
0,2 PURPLE_BRICK
0,3 PURPLE_BRICK
0,4 PURPLE_BRICK
0,5 PURPLE_BRICK
0,6 PURPLE_BRICK
0,7 PURPLE_BRICK
0,8 PURPLE_BRICK
0,9 PURPLE_BRICK
0,10 PURPLE_BRICK
0,11 PURPLE_BRICK

1,0 PURPLE_BRICK

2,0 PURPLE_BRICK

3,0 PURPLE_BRICK
3,3 TORCH
3,9 TORCH

4,0 PURPLE_BRICK

5,0 PURPLE_BRICK

6,0 PURPLE_BRICK
6,7 PURPLE_BRICK
6,8 PURPLE_BRICK
6,9 PURPLE_BRICK
6,10 PURPLE_BRICK
6,11 PURPLE_BRICK

7,0 PURPLE_BRICK
7,7 PURPLE_BRICK
7,8 PURPLE_BRICK
7,9 PURPLE_BRICK
7,10 PURPLE_BRICK
7,11 PURPLE_BRICK

8,0 PURPLE_BRICK
8,3 TORCH
8,7 PURPLE_BRICK
8,8 PURPLE_BRICK
8,9 PURPLE_BRICK
8,10 PURPLE_BRICK
8,11 PURPLE_BRICK

9,0 PURPLE_BRICK
9,7 PURPLE_BRICK
9,8 PURPLE_BRICK
9,9 PURPLE_BRICK
9,10 PURPLE_BRICK
9,11 PURPLE_BRICK

10,0 PURPLE_BRICK
10,1 PURPLE_BRICK
10,7 PURPLE_BRICK
10,8 PURPLE_BRICK
10,9 PURPLE_BRICK
10,10 PURPLE_BRICK
10,11 PURPLE_BRICK

11,0 PURPLE_BRICK
11,1 PURPLE_BRICK
11,2 PURPLE_BRICK
11,7 PURPLE_BRICK
11,8 PURPLE_BRICK
11,9 PURPLE_BRICK
11,10 PURPLE_BRICK
11,11 PURPLE_BRICK

12,0 PURPLE_BRICK
12,1 PURPLE_BRICK
12,2 PURPLE_BRICK
12,3 PURPLE_BRICK
12,7 PURPLE_BRICK ENEMY
12,11 PURPLE_BRICK

13,0 PURPLE_BRICK
13,1 PURPLE_BRICK
13,2 PURPLE_BRICK
13,3 PURPLE_BRICK
13,7 PURPLE_BRICK
13,11 PURPLE_BRICK

14,0 PURPLE_BRICK ENEMY
14,3 PURPLE_BRICK
14,7 PURPLE_BRICK
14,9 TORCH
14,11 PURPLE_BRICK

15,0 PURPLE_BRICK
15,11 PURPLE_BRICK

16,0 PURPLE_BRICK
16,1 PURPLE_BRICK
16,5 PURPLE_BRICK
16,11 PURPLE_BRICK

17,0 PURPLE_BRICK
17,1 PURPLE_BRICK
17,5 PURPLE_BRICK
17,11 PURPLE_BRICK

18,0 PURPLE_BRICK
18,11 PURPLE_BRICK

19,0 PURPLE_BRICK
19,3 PURPLE_BRICK
19,7 PURPLE_BRICK
19,9 TORCH
19,11 PURPLE_BRICK

20,0 PURPLE_BRICK
20,1 PURPLE_BRICK
20,2 PURPLE_BRICK
20,3 PURPLE_BRICK
20,7 PURPLE_BRICK ENEMY
20,11 PURPLE_BRICK

21,0 PURPLE_BRICK
21,1 PURPLE_BRICK
21,2 PURPLE_BRICK
21,3 PURPLE_BRICK
21,7 PURPLE_BRICK
21,11 PURPLE_BRICK

22,0 PURPLE_BRICK ENEMY
22,3 PURPLE_BRICK
22,5 TORCH
22,8 PURPLE_BRICK
22,11 PURPLE_BRICK

23,0 PURPLE_BRICK
23,7 PURPLE_BRICK
23,11 PURPLE_BRICK

24,0 PURPLE_BRICK
24,1 PURPLE_BRICK
24,7 PURPLE_BRICK ENEMY
24,11 PURPLE_BRICK

25,0 PURPLE_BRICK
25,1 PURPLE_BRICK
25,7 PURPLE_BRICK
25,11 PURPLE_BRICK

26,0 PURPLE_BRICK
26,6 PURPLE_BRICK
26,11 PURPLE_BRICK

27,0 PURPLE_BRICK
27,5 PURPLE_BRICK
27,11 PURPLE_BRICK

28,0 PURPLE_BRICK
28,4 PURPLE_BRICK
28,11 PURPLE_BRICK

29,0 PURPLE_BRICK
29,3 PURPLE_BRICK
29,11 PURPLE_BRICK

30,0 PURPLE_BRICK
30,3 PURPLE_BRICK
30,11 PURPLE_BRICK

31,0 PURPLE_BRICK
31,3 PURPLE_BRICK
31,11 PURPLE_BRICK

32,0 PURPLE_BRICK
32,7 TORCH
32,8 PURPLE_BRICK
32,11 PURPLE_BRICK

33,0 PURPLE_BRICK
33,1 PURPLE_BRICK ENEMY
33,7 PURPLE_BRICK
33,8 PURPLE_BRICK ENEMY
33,11 PURPLE_BRICK

34,0 PURPLE_BRICK
34,1 PURPLE_BRICK ENEMY
34,7 PURPLE_BRICK
34,8 PURPLE_BRICK ENEMY
34,11 PURPLE_BRICK

35,0 PURPLE_BRICK
35,7 TORCH
35,8 PURPLE_BRICK
35,11 PURPLE_BRICK

36,0 PURPLE_BRICK
36,3 PURPLE_BRICK
36,11 PURPLE_BRICK

37,0 PURPLE_BRICK
37,3 PURPLE_BRICK
37,11 PURPLE_BRICK

38,0 PURPLE_BRICK
38,3 PURPLE_BRICK
38,11 PURPLE_BRICK

39,0 PURPLE_BRICK
39,4 PURPLE_BRICK
39,11 PURPLE_BRICK

40,0 PURPLE_BRICK ENEMY
40,5 PURPLE_BRICK
40,11 PURPLE_BRICK

41,0 PURPLE_BRICK ENEMY
41,6 PURPLE_BRICK
41,11 PURPLE_BRICK

42,0 PURPLE_BRICK
42,7 PURPLE_BRICK
42,8 PURPLE_BRICK
42,11 PURPLE_BRICK

43,0 PURPLE_BRICK
43,6 PURPLE_BRICK
43,11 PURPLE_BRICK

44,0 PURPLE_BRICK
44,2 TORCH
44,6 PURPLE_BRICK
44,8 TORCH
44,9 PURPLE_BRICK
44,10 PURPLE_BRICK
44,11 PURPLE_BRICK

45,0 PURPLE_BRICK
45,6 PURPLE_BRICK
45,11 PURPLE_BRICK

46,0 PURPLE_BRICK
46,4 PURPLE_BRICK
46,5 PURPLE_BRICK
46,7 PURPLE_BRICK
46,8 PURPLE_BRICK
46,11 PURPLE_BRICK

47,0 PURPLE_BRICK
47,3 PURPLE_BRICK
47,11 PURPLE_BRICK

48,0 PURPLE_BRICK
48,3 PURPLE_BRICK
48,6 PURPLE_BRICK
48,7 PURPLE_BRICK
48,8 PURPLE_BRICK
48,9 PURPLE_BRICK
48,10 PURPLE_BRICK
48,11 PURPLE_BRICK

49,0 PURPLE_BRICK
49,3 PURPLE_BRICK
49,11 PURPLE_BRICK

50,0 PURPLE_BRICK
50,4 PURPLE_BRICK
50,5 PURPLE_BRICK
50,11 PURPLE_BRICK

51,0 PURPLE_BRICK
51,6 PURPLE_BRICK
51,11 PURPLE_BRICK

52,0 PURPLE_BRICK
52,7 PURPLE_BRICK ENEMY
52,11 PURPLE_BRICK

53,0 BLUE_BRICK
53,1 PURPLE_BRICK
53,2 PURPLE_BRICK
53,5 TORCH
53,7 PURPLE_BRICK
53,11 PURPLE_BRICK

54,0 BLUE_WALL
54,1 BARRICADE
54,7 PURPLE_BRICK
54,11 PURPLE_BRICK

55,0 BLUE_WALL
55,1 BARRICADE
55,11 PURPLE_BRICK

56,0 BLUE_WALL
56,1 BARRICADE
56,11 PURPLE_BRICK

57,0 BLUE_WALL
57,1 BARRICADE
57,11 PURPLE_BRICK

58,0 BLUE_WALL
58,1 BARRICADE
58,11 PURPLE_BRICK

59,0 BLUE_BRICK
59,1 PURPLE_BRICK
59,2 PURPLE_BRICK
59,3 PURPLE_BRICK
59,4 PURPLE_BRICK
59,5 PURPLE_BRICK
59,6 PURPLE_BRICK
59,7 PURPLE_BRICK
59,8 PURPLE_BRICK
59,9 PURPLE_BRICK
59,10 PURPLE_BRICK
59,11 PURPLE_BRICK
@end