@name Intro
@height 12
@width 60
@background RED_WALL
@spawn 180,2
@next purpleOne
@line GODDAMMIT! I'M LOST AGAIN!
@line HELP! JEREMY!!!!!!!
@line Jeremy! I need you to come find me!
@line (Use A and D to walk left and right)
@line (Use S for sneak and W for jump)
@line (You can jump higher whilst sneaking)
@line Walk into the hole on your right to start!
@start
0,0 RED_BRICK
0,1 RED_BRICK
0,2 RED_BRICK
0,3 RED_BRICK
0,4 RED_BRICK
0,5 RED_BRICK
0,6 RED_BRICK
0,7 RED_BRICK
0,8 RED_BRICK
0,9 RED_BRICK
0,10 RED_BRICK
0,11 RED_BRICK

1,0 RED_BRICK

2,0 RED_BRICK

3,0 RED_BRICK
3,8 TORCH

4,0 RED_BRICK

5,0 RED_BRICK

6,0 RED_BRICK
6,5 RED_BRICK
6,6 RED_BRICK
6,7 RED_BRICK
6,8 RED_BRICK
6,9 RED_BRICK
6,10 RED_BRICK
6,11 RED_BRICK

7,0 RED_BRICK
7,4 RED_BRICK

8,0 RED_BRICK
8,4 RED_BRICK

9,0 RED_BRICK
9,4 RED_BRICK
9,6 RED_BRICK
9,7 RED_BRICK
9,8 RED_BRICK
9,9 RED_BRICK
9,10 RED_BRICK

10,0 RED_BRICK
10,4 RED_BRICK
10,6 RED_BRICK
10,10 RED_BRICK

11,0 RED_BRICK
11,4 RED_BRICK
11,7 RED_BRICK
11,8 RED_BRICK
11,9 RED_BRICK

12,0 RED_BRICK
12,4 RED_BRICK
12,8 TORCH

13,0 RED_BRICK
13,4 RED_BRICK
13,6 RED_BRICK
13,7 RED_BRICK
13,8 RED_BRICK
13,9 RED_BRICK
13,10 RED_BRICK

14,0 RED_BRICK
14,4 RED_BRICK
14,8 RED_BRICK
14,10 RED_BRICK

15,0 RED_BRICK
15,4 RED_BRICK
15,6 RED_BRICK
15,7 RED_BRICK
15,9 RED_BRICK
15,10 RED_BRICK

16,0 RED_BRICK
16,4 RED_BRICK
16,8 TORCH

17,0 RED_BRICK
17,4 RED_BRICK
17,6 RED_BRICK
17,7 RED_BRICK
17,8 RED_BRICK
17,9 RED_BRICK
17,10 RED_BRICK

18,0 RED_BRICK
18,4 RED_BRICK
18,6 RED_BRICK
18,10 RED_BRICK

19,0 RED_BRICK
19,4 RED_BRICK
19,6 RED_BRICK
19,7 RED_BRICK
19,8 RED_BRICK
19,9 RED_BRICK
19,10 RED_BRICK

20,0 RED_BRICK
20,4 RED_BRICK
20,8 TORCH

21,0 RED_BRICK
21,4 RED_BRICK
21,6 RED_BRICK
21,7 RED_BRICK
21,8 RED_BRICK
21,9 RED_BRICK
21,10 RED_BRICK

22,0 RED_BRICK
22,4 RED_BRICK
22,8 RED_BRICK
22,10 RED_BRICK

23,0 RED_BRICK
23,4 RED_BRICK
23,8 RED_BRICK
23,9 RED_BRICK
23,10 RED_BRICK

24,0 RED_BRICK
24,4 RED_BRICK

25,0 RED_BRICK
25,4 RED_BRICK

26,0 RED_BRICK
26,4 RED_BRICK
26,6 RED_BRICK
26,7 RED_BRICK
26,8 RED_BRICK
26,9 RED_BRICK
26,10 RED_BRICK

27,0 RED_BRICK
27,4 RED_BRICK
27,6 RED_BRICK
27,10 RED_BRICK

28,0 RED_BRICK
28,4 RED_BRICK
28,7 RED_BRICK
28,8 RED_BRICK
28,9 RED_BRICK

29,0 RED_BRICK
29,4 RED_BRICK
29,8 TORCH

30,0 RED_BRICK
30,4 RED_BRICK
30,6 RED_BRICK
30,7 RED_BRICK
30,8 RED_BRICK
30,9 RED_BRICK
30,10 RED_BRICK

31,0 RED_BRICK
31,4 RED_BRICK
31,6 RED_BRICK
31,10 RED_BRICK

32,0 RED_BRICK
32,4 RED_BRICK
32,6 RED_BRICK
32,7 RED_BRICK
32,8 RED_BRICK
32,9 RED_BRICK
32,10 RED_BRICK

33,0 RED_BRICK
33,4 RED_BRICK
33,8 TORCH

34,0 RED_BRICK
34,4 RED_BRICK
34,6 RED_BRICK
34,7 RED_BRICK
34,8 RED_BRICK
34,9 RED_BRICK
34,10 RED_BRICK

35,0 RED_BRICK
35,4 RED_BRICK
35,7 RED_BRICK

36,0 RED_BRICK
36,4 RED_BRICK
36,8 RED_BRICK

37,0 RED_BRICK
37,4 RED_BRICK
37,7 RED_BRICK

38,0 RED_BRICK
38,4 RED_BRICK
38,6 RED_BRICK
38,7 RED_BRICK
38,8 RED_BRICK
38,9 RED_BRICK
38,10 RED_BRICK

39,0 RED_BRICK
39,4 RED_BRICK
39,8 TORCH

40,0 RED_BRICK
40,4 RED_BRICK
40,6 RED_BRICK
40,7 RED_BRICK
40,8 RED_BRICK
40,9 RED_BRICK
40,10 RED_BRICK

41,0 RED_BRICK
41,4 RED_BRICK
41,9 RED_BRICK
42,0 RED_BRICK
42,4 RED_BRICK
42,8 RED_BRICK

43,0 RED_BRICK
43,4 RED_BRICK
43,7 RED_BRICK

44,0 RED_BRICK
44,4 RED_BRICK
44,6 RED_BRICK
44,7 RED_BRICK
44,8 RED_BRICK
44,9 RED_BRICK
44,10 RED_BRICK

45,0 RED_BRICK
45,4 RED_BRICK

46,0 RED_BRICK
46,4 RED_BRICK

47,0 RED_BRICK
47,5 RED_BRICK
47,6 RED_BRICK
47,7 RED_BRICK
47,8 RED_BRICK
47,9 RED_BRICK
47,10 RED_BRICK
47,11 RED_BRICK

48,0 RED_BRICK

49,0 RED_BRICK

50,0 RED_BRICK

51,0 RED_BRICK
51,5 TORCH

52,0 RED_BRICK

53,0 PURPLE_BRICK
53,1 RED_BRICK

54,0 PURPLE_WALL
54,6 CRACK

55,0 PURPLE_WALL

56,0 PURPLE_WALL
56,4 TORCH

57,0 PURPLE_WALL

58,0 PURPLE_WALL

59,0 PURPLE_BRICK
59,1 RED_BRICK
59,2 RED_BRICK
59,3 RED_BRICK
59,4 RED_BRICK
59,5 RED_BRICK
59,6 RED_BRICK
59,7 RED_BRICK
59,8 RED_BRICK
59,9 RED_BRICK
59,10 RED_BRICK
59,11 RED_BRICK
@end