@name yellowFour
@height 12
@width 60
@background YELLOW_WALL
@spawn 10,15
@next orangeFive
@line I can smell you!
@start
0,0 YELLOW_BRICK
0,1 YELLOW_BRICK
0,2 YELLOW_BRICK
0,3 YELLOW_BRICK
0,4 YELLOW_BRICK
0,5 YELLOW_BRICK
0,6 YELLOW_BRICK
0,7 YELLOW_BRICK
0,8 YELLOW_BRICK
0,9 YELLOW_BRICK
0,10 YELLOW_BRICK
0,11 YELLOW_BRICK

1,0 YELLOW_BRICK

2,0 YELLOW_BRICK

3,0 YELLOW_BRICK
3,3 TORCH
3,9 TORCH

4,0 YELLOW_BRICK

5,0 YELLOW_BRICK

6,0 YELLOW_BRICK
6,3 YELLOW_BRICK
6,4 YELLOW_BRICK
6,5 YELLOW_BRICK
6,6 YELLOW_BRICK
6,7 YELLOW_BRICK
6,8 YELLOW_BRICK
6,9 YELLOW_BRICK
6,10 YELLOW_BRICK
6,11 YELLOW_BRICK

7,0 YELLOW_BRICK
7,3 YELLOW_BRICK ENEMY
7,11 YELLOW_BRICK

8,0 YELLOW_BRICK
8,11 YELLOW_BRICK

9,0 YELLOW_BRICK
9,5 TORCH
9,6 YELLOW_BRICK ENEMY
9,11 YELLOW_BRICK

10,0 YELLOW_BRICK
10,6 YELLOW_BRICK
10,10 TORCH
10,11 YELLOW_BRICK

11,0 YELLOW_BRICK
11,11 YELLOW_BRICK

12,0 YELLOW_BRICK
12,1 YELLOW_BRICK
12,2 YELLOW_BRICK
12,3 YELLOW_BRICK
12,4 YELLOW_BRICK
12,5 YELLOW_BRICK
12,6 YELLOW_BRICK
12,7 YELLOW_BRICK
12,8 YELLOW_BRICK ENEMY
12,11 YELLOW_BRICK

13,0 YELLOW_BRICK
13,11 YELLOW_BRICK

14,0 YELLOW_BRICK
14,6 YELLOW_BRICK ENEMY
14,10 TORCH
14,11 YELLOW_BRICK

15,0 YELLOW_BRICK
15,5 TORCH
15,6 YELLOW_BRICK
15,11 YELLOW_BRICK

16,0 YELLOW_BRICK
16,11 YELLOW_BRICK

17,0 YELLOW_BRICK
17,3 YELLOW_BRICK ENEMY
17,11 YELLOW_BRICK

18,0 YELLOW_BRICK
18,3 YELLOW_BRICK
18,4 YELLOW_BRICK
18,5 YELLOW_BRICK
18,6 YELLOW_BRICK
18,7 YELLOW_BRICK
18,8 YELLOW_BRICK
18,9 YELLOW_BRICK
18,10 YELLOW_BRICK
18,11 YELLOW_BRICK

19,0 YELLOW_BRICK
19,3 YELLOW_BRICK ENEMY
19,11 YELLOW_BRICK

20,0 YELLOW_BRICK
20,11 YELLOW_BRICK

21,0 YELLOW_BRICK
21,5 TORCH
21,6 YELLOW_BRICK ENEMY
21,11 YELLOW_BRICK

22,0 YELLOW_BRICK
22,6 YELLOW_BRICK
22,10 TORCH
22,11 YELLOW_BRICK

23,0 YELLOW_BRICK
23,11 YELLOW_BRICK

24,0 YELLOW_BRICK
24,1 YELLOW_BRICK
24,2 YELLOW_BRICK
24,3 YELLOW_BRICK
24,4 YELLOW_BRICK
24,5 YELLOW_BRICK
24,6 YELLOW_BRICK
24,7 YELLOW_BRICK
24,8 YELLOW_BRICK ENEMY
24,11 YELLOW_BRICK

25,0 YELLOW_BRICK ENEMY
25,3 YELLOW_BRICK
25,11 YELLOW_BRICK

26,0 YELLOW_BRICK
26,6 YELLOW_BRICK ENEMY
26,10 TORCH
26,11 YELLOW_BRICK

27,0 YELLOW_BRICK
27,3 TORCH
27,6 YELLOW_BRICK
27,11 YELLOW_BRICK

28,0 YELLOW_BRICK ENEMY
28,3 YELLOW_BRICK
28,11 YELLOW_BRICK

29,0 YELLOW_BRICK
29,1 YELLOW_BRICK
29,2 YELLOW_BRICK
29,3 YELLOW_BRICK
29,4 YELLOW_BRICK
29,5 YELLOW_BRICK
29,6 YELLOW_BRICK
29,7 YELLOW_BRICK
29,8 YELLOW_BRICK
29,11 YELLOW_BRICK

30,0 YELLOW_BRICK ENEMY
30,3 YELLOW_BRICK
30,11 YELLOW_BRICK

31,0 YELLOW_BRICK
31,6 YELLOW_BRICK ENEMY
31,10 TORCH
31,11 YELLOW_BRICK

32,0 YELLOW_BRICK
32,3 TORCH
32,6 YELLOW_BRICK
32,11 YELLOW_BRICK

33,0 YELLOW_BRICK ENEMY
33,3 YELLOW_BRICK
33,11 YELLOW_BRICK

34,0 YELLOW_BRICK
34,1 YELLOW_BRICK
34,2 YELLOW_BRICK
34,3 YELLOW_BRICK
34,4 YELLOW_BRICK
34,5 YELLOW_BRICK
34,6 YELLOW_BRICK
34,7 YELLOW_BRICK
34,8 YELLOW_BRICK
34,11 YELLOW_BRICK

35,0 YELLOW_BRICK ENEMY
35,3 YELLOW_BRICK
35,11 YELLOW_BRICK

36,0 YELLOW_BRICK
36,6 YELLOW_BRICK ENEMY
36,10 TORCH
36,11 YELLOW_BRICK

37,0 YELLOW_BRICK
37,3 TORCH
37,6 YELLOW_BRICK
37,11 YELLOW_BRICK

38,0 YELLOW_BRICK ENEMY
38,3 YELLOW_BRICK
38,11 YELLOW_BRICK

39,0 YELLOW_BRICK
39,1 YELLOW_BRICK
39,2 YELLOW_BRICK
39,3 YELLOW_BRICK
39,4 YELLOW_BRICK
39,5 YELLOW_BRICK
39,6 YELLOW_BRICK
39,7 YELLOW_BRICK
39,8 YELLOW_BRICK
39,11 YELLOW_BRICK

40,0 YELLOW_BRICK
40,6 YELLOW_BRICK
40,11 YELLOW_BRICK

41,0 YELLOW_BRICK
41,11 YELLOW_BRICK

42,0 YELLOW_BRICK
42,3 YELLOW_BRICK
42,6 TORCH
42,11 YELLOW_BRICK

43,0 YELLOW_BRICK
43,3 YELLOW_BRICK
43,4 YELLOW_BRICK
43,5 YELLOW_BRICK
43,6 YELLOW_BRICK
43,7 YELLOW_BRICK
43,8 YELLOW_BRICK
43,9 YELLOW_BRICK
43,10 YELLOW_BRICK
43,11 YELLOW_BRICK

44,0 YELLOW_BRICK
44,11 YELLOW_BRICK

45,0 YELLOW_BRICK
45,11 YELLOW_BRICK

46,0 YELLOW_BRICK
46,11 YELLOW_BRICK

47,0 YELLOW_BRICK
47,1 YELLOW_BRICK
47,2 YELLOW_BRICK
47,11 YELLOW_BRICK

48,0 YELLOW_BRICK ENEMY
48,3 YELLOW_BRICK
48,11 YELLOW_BRICK

49,0 YELLOW_BRICK
49,6 TORCH
49,7 YELLOW_BRICK ENEMY
49,11 YELLOW_BRICK

50,0 YELLOW_BRICK
50,1 YELLOW_BRICK
50,2 YELLOW_BRICK
50,7 YELLOW_BRICK ENEMY
50,11 YELLOW_BRICK

51,0 YELLOW_BRICK ENEMY
51,3 YELLOW_BRICK
51,11 YELLOW_BRICK

52,0 YELLOW_BRICK
52,11 YELLOW_BRICK

53,0 ORANGE_BRICK
53,1 YELLOW_BRICK
53,11 YELLOW_BRICK

54,0 ORANGE_WALL
54,1 BARRICADE
54,11 YELLOW_BRICK

55,0 ORANGE_WALL
55,1 BARRICADE
55,11 YELLOW_BRICK

56,0 ORANGE_WALL
56,1 BARRICADE
56,3 TORCH
56,11 YELLOW_BRICK

57,0 ORANGE_WALL
57,1 BARRICADE
57,11 YELLOW_BRICK

58,0 ORANGE_WALL
58,1 BARRICADE
58,11 YELLOW_BRICK

59,0 ORANGE_BRICK
59,1 YELLOW_BRICK
59,2 YELLOW_BRICK
59,3 YELLOW_BRICK
59,4 YELLOW_BRICK
59,5 YELLOW_BRICK
59,6 YELLOW_BRICK
59,7 YELLOW_BRICK
59,8 YELLOW_BRICK
59,9 YELLOW_BRICK
59,10 YELLOW_BRICK
59,11 YELLOW_BRICK
@end